 0 a
 0 b
 0 c
 0 d
 0 e
 - exa
 0 f
 0 g
 0 h
 0 i
 0 image.jpg.img.c.rs.log.png
19 index.svg
 0 j
 0 k
 0 l
 0 m
 0 n
 0 o
 0 p
 0 q
 - vagrant
