.rw-r--r-- a
.rw-r--r-- b
.rw-r--r-- c
.rw-r--r-- d
.rw-r--r-- e
.rw-r--r-- f
.rw-r--r-- g
.rw-r--r-- h
.rw-r--r-- i
.rw-r--r-- j
.rw-r--r-- k
.rw-r--r-- l
.rw-r--r-- m
.rw-r--r-- n
.rw-r--r-- o
.rw-r--r-- p
.rw-r--r-- q
