exa
vagrant

tests/itest/exa:
sssssssssssssssssssssssssggggggggggggggggggggggggggggggggggggggggggggggggggggggggggggggggggggggggsssssssssssssssssssssssssssssssssssssssssssssssssssssssssssssssssss

tests/itest/exa/sssssssssssssssssssssssssggggggggggggggggggggggggggggggggggggggggggggggggggggggggggggggggggggggggsssssssssssssssssssssssssssssssssssssssssssssssssssssssssssssssssss:

tests/itest/vagrant:
debug
dev
log

tests/itest/vagrant/debug:

tests/itest/vagrant/dev:

tests/itest/vagrant/log:
run

tests/itest/vagrant/log/run:
