a
b
c
d
e
f
g
h
i
image.jpg.img.c.rs.log.png
index.svg
j
k
l
m
n
o
p
q
